test/BindingMoad: kept_rows=467, within_file_duplicate_rows_removed=1, cross_file_duplicate_rows_removed=0
test/BindingNet-High: kept_rows=3,729, within_file_duplicate_rows_removed=0, cross_file_duplicate_rows_removed=0
test/BindingNet-Low: kept_rows=6,847, within_file_duplicate_rows_removed=3, cross_file_duplicate_rows_removed=0
test/BindingNet-Mid: kept_rows=3,312, within_file_duplicate_rows_removed=0, cross_file_duplicate_rows_removed=0
test/CrossDocked2020: kept_rows=100, within_file_duplicate_rows_removed=0, cross_file_duplicate_rows_removed=0
test/DAVIS-3D: kept_rows=225, within_file_duplicate_rows_removed=0, cross_file_duplicate_rows_removed=0
test/HiQBind: kept_rows=279, within_file_duplicate_rows_removed=0, cross_file_duplicate_rows_removed=0
test/KIBA-3D: kept_rows=1,468, within_file_duplicate_rows_removed=0, cross_file_duplicate_rows_removed=0
test/Kinodata-3D: kept_rows=225, within_file_duplicate_rows_removed=0, cross_file_duplicate_rows_removed=0
test/OMol25_bio_mols: kept_rows=225, within_file_duplicate_rows_removed=0, cross_file_duplicate_rows_removed=0
test/OMol25_small_mols: kept_rows=27,642, within_file_duplicate_rows_removed=535, cross_file_duplicate_rows_removed=4
test/Plinder: kept_rows=949, within_file_duplicate_rows_removed=0, cross_file_duplicate_rows_removed=1
test/SAIR: kept_rows=225, within_file_duplicate_rows_removed=0, cross_file_duplicate_rows_removed=0
test/SPINDR: kept_rows=225, within_file_duplicate_rows_removed=0, cross_file_duplicate_rows_removed=0
test/chembl3d: kept_rows=37,065, within_file_duplicate_rows_removed=0, cross_file_duplicate_rows_removed=0
test/geom: kept_rows=711,228, within_file_duplicate_rows_removed=318, cross_file_duplicate_rows_removed=0
test/pubchem3d: kept_rows=473,316, within_file_duplicate_rows_removed=436, cross_file_duplicate_rows_removed=0
test/zinc: kept_rows=370,075, within_file_duplicate_rows_removed=5,688, cross_file_duplicate_rows_removed=0
val/BindingMoad: kept_rows=130, within_file_duplicate_rows_removed=0, cross_file_duplicate_rows_removed=0
val/BindingNet-High: kept_rows=127, within_file_duplicate_rows_removed=0, cross_file_duplicate_rows_removed=0
val/BindingNet-Low: kept_rows=1,891, within_file_duplicate_rows_removed=1, cross_file_duplicate_rows_removed=0
val/BindingNet-Mid: kept_rows=327, within_file_duplicate_rows_removed=0, cross_file_duplicate_rows_removed=0
val/CrossDocked2020: kept_rows=268, within_file_duplicate_rows_removed=0, cross_file_duplicate_rows_removed=0
val/DAVIS-3D: kept_rows=7, within_file_duplicate_rows_removed=0, cross_file_duplicate_rows_removed=0
val/HiQBind: kept_rows=48, within_file_duplicate_rows_removed=0, cross_file_duplicate_rows_removed=0
val/KIBA-3D: kept_rows=1,539, within_file_duplicate_rows_removed=0, cross_file_duplicate_rows_removed=0
val/Kinodata-3D: kept_rows=96, within_file_duplicate_rows_removed=0, cross_file_duplicate_rows_removed=0
val/OMol25_bio_mols: kept_rows=36, within_file_duplicate_rows_removed=0, cross_file_duplicate_rows_removed=0
val/OMol25_small_mols: kept_rows=21,126, within_file_duplicate_rows_removed=465, cross_file_duplicate_rows_removed=4
val/Plinder: kept_rows=367, within_file_duplicate_rows_removed=0, cross_file_duplicate_rows_removed=0
val/SAIR: kept_rows=99, within_file_duplicate_rows_removed=0, cross_file_duplicate_rows_removed=0
val/SPINDR: kept_rows=56, within_file_duplicate_rows_removed=0, cross_file_duplicate_rows_removed=0
val/chembl3d: kept_rows=182,479, within_file_duplicate_rows_removed=0, cross_file_duplicate_rows_removed=0
val/geom: kept_rows=704,729, within_file_duplicate_rows_removed=395, cross_file_duplicate_rows_removed=0
val/nablaDFT: kept_rows=63,384, within_file_duplicate_rows_removed=0, cross_file_duplicate_rows_removed=0
val/pubchem3d: kept_rows=473,349, within_file_duplicate_rows_removed=402, cross_file_duplicate_rows_removed=0
val/zinc: kept_rows=369,929, within_file_duplicate_rows_removed=5,834, cross_file_duplicate_rows_removed=0
train/BindingMoad: kept_rows=20,763, within_file_duplicate_rows_removed=50, cross_file_duplicate_rows_removed=0
train/BindingNet-High: kept_rows=211,479, within_file_duplicate_rows_removed=417, cross_file_duplicate_rows_removed=0
train/BindingNet-Low: kept_rows=252,768, within_file_duplicate_rows_removed=347, cross_file_duplicate_rows_removed=3
train/BindingNet-Mid: kept_rows=144,836, within_file_duplicate_rows_removed=338, cross_file_duplicate_rows_removed=2
train/CrossDocked2020: kept_rows=79,074, within_file_duplicate_rows_removed=8, cross_file_duplicate_rows_removed=0
train/DAVIS-3D: kept_rows=129, within_file_duplicate_rows_removed=0, cross_file_duplicate_rows_removed=0
train/HiQBind: kept_rows=24,863, within_file_duplicate_rows_removed=25, cross_file_duplicate_rows_removed=0
train/KIBA-3D: kept_rows=263,514, within_file_duplicate_rows_removed=0, cross_file_duplicate_rows_removed=0
train/Kinodata-3D: kept_rows=62,027, within_file_duplicate_rows_removed=142, cross_file_duplicate_rows_removed=0
train/OMol25_bio_mols: kept_rows=1,349,181, within_file_duplicate_rows_removed=29,985, cross_file_duplicate_rows_removed=56
train/OMol25_small_mols: kept_rows=3,751,391, within_file_duplicate_rows_removed=55,306, cross_file_duplicate_rows_removed=435,249
train/Plinder: kept_rows=123,410, within_file_duplicate_rows_removed=5,987, cross_file_duplicate_rows_removed=3
train/SAIR: kept_rows=1,523,600, within_file_duplicate_rows_removed=0, cross_file_duplicate_rows_removed=0
train/SPINDR: kept_rows=25,892, within_file_duplicate_rows_removed=1,374, cross_file_duplicate_rows_removed=0
train/chembl3d: kept_rows=1,442,625, within_file_duplicate_rows_removed=0, cross_file_duplicate_rows_removed=0
train/geom: kept_rows=5,278,580, within_file_duplicate_rows_removed=2,175, cross_file_duplicate_rows_removed=0
train/nablaDFT: kept_rows=8,687,616, within_file_duplicate_rows_removed=0, cross_file_duplicate_rows_removed=0
train/pubchem3d: kept_rows=93,724,685, within_file_duplicate_rows_removed=78,070, cross_file_duplicate_rows_removed=0
train/zinc: kept_rows=73,267,070, within_file_duplicate_rows_removed=1,133,966, cross_file_duplicate_rows_removed=0
Saved apply summary to /auto/home/filya/fsq/3d_big_data_new_dedup_apply_summary.csv
Done.
