Loaded 1,041 unique Group D reference SMILES from /nfs/h100/raid/chem/3D_big_data/grp_d/test/geom_revisited_test.csv
Files to process: 56
train/DAVIS-3D: removed_rows=0, unique_removed_smiles=0
train/BindingMoad: removed_rows=0, unique_removed_smiles=0
train/HiQBind: removed_rows=0, unique_removed_smiles=0
train/CrossDocked2020: removed_rows=0, unique_removed_smiles=0
train/Kinodata-3D: removed_rows=0, unique_removed_smiles=0
train/BindingNet-Mid: removed_rows=5, unique_removed_smiles=2
train/SPINDR: removed_rows=0, unique_removed_smiles=0
train/Plinder: removed_rows=8, unique_removed_smiles=3
train/BindingNet-High: removed_rows=0, unique_removed_smiles=0
train/KIBA-3D: removed_rows=0, unique_removed_smiles=0
train/BindingNet-Low: removed_rows=8, unique_removed_smiles=5
train/OMol25_bio_mols: removed_rows=292, unique_removed_smiles=159
val/BindingMoad: removed_rows=0, unique_removed_smiles=0
val/BindingNet-High: removed_rows=0, unique_removed_smiles=0
val/BindingNet-Low: removed_rows=0, unique_removed_smiles=0
val/BindingNet-Mid: removed_rows=0, unique_removed_smiles=0
val/CrossDocked2020: removed_rows=0, unique_removed_smiles=0
val/DAVIS-3D: removed_rows=0, unique_removed_smiles=0
val/HiQBind: removed_rows=0, unique_removed_smiles=0
val/KIBA-3D: removed_rows=0, unique_removed_smiles=0
val/Kinodata-3D: removed_rows=0, unique_removed_smiles=0
val/OMol25_bio_mols: removed_rows=0, unique_removed_smiles=0
val/OMol25_small_mols: removed_rows=28, unique_removed_smiles=17
val/Plinder: removed_rows=0, unique_removed_smiles=0
val/SAIR: removed_rows=0, unique_removed_smiles=0
val/SPINDR: removed_rows=0, unique_removed_smiles=0
val/chembl3d: removed_rows=58, unique_removed_smiles=58
train/chembl3d: removed_rows=406, unique_removed_smiles=406
val/nablaDFT: removed_rows=51, unique_removed_smiles=11
val/geom: removed_rows=2,313, unique_removed_smiles=100
train/SAIR: removed_rows=6, unique_removed_smiles=2
test/BindingMoad: removed_rows=0, unique_removed_smiles=0
test/BindingNet-High: removed_rows=0, unique_removed_smiles=0
test/BindingNet-Low: removed_rows=1, unique_removed_smiles=1
test/BindingNet-Mid: removed_rows=1, unique_removed_smiles=1
test/CrossDocked2020: removed_rows=0, unique_removed_smiles=0
test/DAVIS-3D: removed_rows=0, unique_removed_smiles=0
test/HiQBind: removed_rows=0, unique_removed_smiles=0
test/KIBA-3D: removed_rows=0, unique_removed_smiles=0
test/Kinodata-3D: removed_rows=0, unique_removed_smiles=0
test/OMol25_bio_mols: removed_rows=0, unique_removed_smiles=0
test/OMol25_small_mols: removed_rows=5, unique_removed_smiles=5
test/Plinder: removed_rows=0, unique_removed_smiles=0
test/SAIR: removed_rows=0, unique_removed_smiles=0
test/SPINDR: removed_rows=0, unique_removed_smiles=0
val/zinc: removed_rows=7, unique_removed_smiles=7
test/chembl3d: removed_rows=12, unique_removed_smiles=12
val/pubchem3d: removed_rows=140, unique_removed_smiles=16
test/pubchem3d: removed_rows=101, unique_removed_smiles=12
test/geom: removed_rows=2,193, unique_removed_smiles=102
train/OMol25_small_mols: removed_rows=151, unique_removed_smiles=79
test/zinc: removed_rows=5, unique_removed_smiles=5
train/geom: removed_rows=17,506, unique_removed_smiles=772
train/nablaDFT: removed_rows=107, unique_removed_smiles=35
train/zinc: removed_rows=53, unique_removed_smiles=51
train/pubchem3d: removed_rows=713, unique_removed_smiles=90
Saved filtering summary to /nfs/h100/raid/chem/3D_big_data_new_dedup_no_geom_revisited/geom_revisited_smiles_removal_summary.csv
Saved filtered dataset root to /nfs/h100/raid/chem/3D_big_data_new_dedup_no_geom_revisited
