base_root=/nfs/h100/raid/chem/3D_big_data_new
group_b_root=/nfs/h100/raid/chem/3D_big_data/grp_b
output_root=/nfs/h100/raid/chem/3D_big_data_new
datasets=['KIBA-3D', 'OMol25_small_mols', 'pubchem3d', 'zinc']
seed=42
Loading global train SMILES from base_root train/val/test...
Loaded 2,414,957 unique global train SMILES
Loading global val SMILES from base_root train/val/test...
Loaded 214,717 unique global val SMILES
Loading global test SMILES from base_root train/val/test...
Loaded 83,270 unique global test SMILES
Processing KIBA-3D...
Done KIBA-3D: train_rows=263,514, val_rows=1,539, test_rows=1,468
Processing OMol25_small_mols...
Done OMol25_small_mols: train_rows=4,241,946, val_rows=21,595, test_rows=28,181
Processing pubchem3d...
Done pubchem3d: train_rows=93,802,755, val_rows=473,751, test_rows=473,752
Processing zinc...
Done zinc: train_rows=74,401,036, val_rows=375,763, test_rows=375,763
Saved stats CSV to /nfs/h100/raid/chem/3D_big_data_new/group_b_split_stats.csv
Done.
